Compiling the C compiler identification source file "CMakeCCompilerId.c" failed.
Compiler:  
Build flags: 
Id flags:  

The output was:
1
MSBuild version 17.4.1+9a89d02ff for .NET Framework
Build started 9/18/2025 4:08:40 PM.
Project "C:\Users\thatf\OneDrive\Documents\Purdue Classes\AAE 590ACA\AAE590ACA-Stochastic-SCP-Rocket-Landing\Deterministic 6DoF CVXPY\Deterministic 6DoF CVXPY\Deterministic_6DoF_fixed_FOH_QOCO\c\build\CMakeFiles\3.24.2\CompilerIdC\CompilerIdC.vcxproj" on node 1 (default targets).
PrepareForBuild:
  Creating directory "Debug\".
  Creating directory "Debug\CompilerIdC.tlog\".
InitializeBuildStatus:
  Creating "Debug\CompilerIdC.tlog\unsuccessfulbuild" because "AlwaysCreate" was specified.
ClCompile:
  C:\Program Files (x86)\Microsoft Visual Studio\2022\BuildTools\VC\Tools\MSVC\14.34.31933\bin\HostX64\x64\CL.exe /c /nologo /W0 /WX- /diagnostics:column /Od /D _MBCS /Gm- /EHsc /RTC1 /MDd /GS /fp:precise /Zc:wchar_t /Zc:forScope /Zc:inline /Fo"Debug\\" /Fd"Debug\vc143.pdb" /external:W0 /Gd /TC /FC /errorReport:queue CMakeCCompilerId.c
  CMakeCCompilerId.c
Link:
  C:\Program Files (x86)\Microsoft Visual Studio\2022\BuildTools\VC\Tools\MSVC\14.34.31933\bin\HostX64\x64\link.exe /ERRORREPORT:QUEUE /OUT:".\CompilerIdC.exe" /INCREMENTAL:NO /NOLOGO kernel32.lib user32.lib gdi32.lib winspool.lib comdlg32.lib advapi32.lib shell32.lib ole32.lib oleaut32.lib uuid.lib odbc32.lib odbccp32.lib /MANIFEST /MANIFESTUAC:"level='asInvoker' uiAccess='false'" /manifest:embed /PDB:".\CompilerIdC.pdb" /SUBSYSTEM:CONSOLE /TLBID:1 /DYNAMICBASE /NXCOMPAT /IMPLIB:".\CompilerIdC.lib" /MACHINE:X64 Debug\CMakeCCompilerId.obj
FileTracker : error FTK1011: could not create the new file tracking log file: C:\Users\thatf\OneDrive\Documents\Purdue Classes\AAE 590ACA\AAE590ACA-Stochastic-SCP-Rocket-Landing\Deterministic 6DoF CVXPY\Deterministic 6DoF CVXPY\Deterministic_6DoF_fixed_FOH_QOCO\c\build\CMakeFiles\3.24.2\CompilerIdC\Debug\CompilerIdC.tlog\link-rc.read.1.tlog. The system cannot find the path specified. [C:\Users\thatf\OneDrive\Documents\Purdue Classes\AAE 590ACA\AAE590ACA-Stochastic-SCP-Rocket-Landing\Deterministic 6DoF CVXPY\Deterministic 6DoF CVXPY\Deterministic_6DoF_fixed_FOH_QOCO\c\build\CMakeFiles\3.24.2\CompilerIdC\CompilerIdC.vcxproj]
  
  
  
FileTracker : error FTK1011: could not create the new file tracking log file: C:\Users\thatf\OneDrive\Documents\Purdue Classes\AAE 590ACA\AAE590ACA-Stochastic-SCP-Rocket-Landing\Deterministic 6DoF CVXPY\Deterministic 6DoF CVXPY\Deterministic_6DoF_fixed_FOH_QOCO\c\build\CMakeFiles\3.24.2\CompilerIdC\Debug\CompilerIdC.tlog\link-rc.write.1.tlog. The system cannot find the path specified. [C:\Users\thatf\OneDrive\Documents\Purdue Classes\AAE 590ACA\AAE590ACA-Stochastic-SCP-Rocket-Landing\Deterministic 6DoF CVXPY\Deterministic 6DoF CVXPY\Deterministic_6DoF_fixed_FOH_QOCO\c\build\CMakeFiles\3.24.2\CompilerIdC\CompilerIdC.vcxproj]
  
  
  
FileTracker : error FTK1011: could not create the new file tracking log file: C:\Users\thatf\OneDrive\Documents\Purdue Classes\AAE 590ACA\AAE590ACA-Stochastic-SCP-Rocket-Landing\Deterministic 6DoF CVXPY\Deterministic 6DoF CVXPY\Deterministic_6DoF_fixed_FOH_QOCO\c\build\CMakeFiles\3.24.2\CompilerIdC\Debug\CompilerIdC.tlog\link-cvtres.read.1.tlog. The system cannot find the path specified. [C:\Users\thatf\OneDrive\Documents\Purdue Classes\AAE 590ACA\AAE590ACA-Stochastic-SCP-Rocket-Landing\Deterministic 6DoF CVXPY\Deterministic 6DoF CVXPY\Deterministic_6DoF_fixed_FOH_QOCO\c\build\CMakeFiles\3.24.2\CompilerIdC\CompilerIdC.vcxproj]
  
  
  
FileTracker : error FTK1011: could not create the new file tracking log file: C:\Users\thatf\OneDrive\Documents\Purdue Classes\AAE 590ACA\AAE590ACA-Stochastic-SCP-Rocket-Landing\Deterministic 6DoF CVXPY\Deterministic 6DoF CVXPY\Deterministic_6DoF_fixed_FOH_QOCO\c\build\CMakeFiles\3.24.2\CompilerIdC\Debug\CompilerIdC.tlog\link-cvtres.write.1.tlog. The system cannot find the path specified. [C:\Users\thatf\OneDrive\Documents\Purdue Classes\AAE 590ACA\AAE590ACA-Stochastic-SCP-Rocket-Landing\Deterministic 6DoF CVXPY\Deterministic 6DoF CVXPY\Deterministic_6DoF_fixed_FOH_QOCO\c\build\CMakeFiles\3.24.2\CompilerIdC\CompilerIdC.vcxproj]
  
  
  
FileTracker : error FTK1011: could not create the new file tracking log file: C:\Users\thatf\OneDrive\Documents\Purdue Classes\AAE 590ACA\AAE590ACA-Stochastic-SCP-Rocket-Landing\Deterministic 6DoF CVXPY\Deterministic 6DoF CVXPY\Deterministic_6DoF_fixed_FOH_QOCO\c\build\CMakeFiles\3.24.2\CompilerIdC\Debug\CompilerIdC.tlog\link.read.1.tlog. The system cannot find the path specified. [C:\Users\thatf\OneDrive\Documents\Purdue Classes\AAE 590ACA\AAE590ACA-Stochastic-SCP-Rocket-Landing\Deterministic 6DoF CVXPY\Deterministic 6DoF CVXPY\Deterministic_6DoF_fixed_FOH_QOCO\c\build\CMakeFiles\3.24.2\CompilerIdC\CompilerIdC.vcxproj]
  
  
  
FileTracker : error FTK1011: could not create the new file tracking log file: C:\Users\thatf\OneDrive\Documents\Purdue Classes\AAE 590ACA\AAE590ACA-Stochastic-SCP-Rocket-Landing\Deterministic 6DoF CVXPY\Deterministic 6DoF CVXPY\Deterministic_6DoF_fixed_FOH_QOCO\c\build\CMakeFiles\3.24.2\CompilerIdC\Debug\CompilerIdC.tlog\link.write.1.tlog. The system cannot find the path specified. [C:\Users\thatf\OneDrive\Documents\Purdue Classes\AAE 590ACA\AAE590ACA-Stochastic-SCP-Rocket-Landing\Deterministic 6DoF CVXPY\Deterministic 6DoF CVXPY\Deterministic_6DoF_fixed_FOH_QOCO\c\build\CMakeFiles\3.24.2\CompilerIdC\CompilerIdC.vcxproj]
  
  
  
Done Building Project "C:\Users\thatf\OneDrive\Documents\Purdue Classes\AAE 590ACA\AAE590ACA-Stochastic-SCP-Rocket-Landing\Deterministic 6DoF CVXPY\Deterministic 6DoF CVXPY\Deterministic_6DoF_fixed_FOH_QOCO\c\build\CMakeFiles\3.24.2\CompilerIdC\CompilerIdC.vcxproj" (default targets) -- FAILED.

Build FAILED.

"C:\Users\thatf\OneDrive\Documents\Purdue Classes\AAE 590ACA\AAE590ACA-Stochastic-SCP-Rocket-Landing\Deterministic 6DoF CVXPY\Deterministic 6DoF CVXPY\Deterministic_6DoF_fixed_FOH_QOCO\c\build\CMakeFiles\3.24.2\CompilerIdC\CompilerIdC.vcxproj" (default target) (1) ->
(Link target) -> 
  FileTracker : error FTK1011: could not create the new file tracking log file: C:\Users\thatf\OneDrive\Documents\Purdue Classes\AAE 590ACA\AAE590ACA-Stochastic-SCP-Rocket-Landing\Deterministic 6DoF CVXPY\Deterministic 6DoF CVXPY\Deterministic_6DoF_fixed_FOH_QOCO\c\build\CMakeFiles\3.24.2\CompilerIdC\Debug\CompilerIdC.tlog\link-rc.read.1.tlog. The system cannot find the path specified. [C:\Users\thatf\OneDrive\Documents\Purdue Classes\AAE 590ACA\AAE590ACA-Stochastic-SCP-Rocket-Landing\Deterministic 6DoF CVXPY\Deterministic 6DoF CVXPY\Deterministic_6DoF_fixed_FOH_QOCO\c\build\CMakeFiles\3.24.2\CompilerIdC\CompilerIdC.vcxproj]
  FileTracker : error FTK1011: could not create the new file tracking log file: C:\Users\thatf\OneDrive\Documents\Purdue Classes\AAE 590ACA\AAE590ACA-Stochastic-SCP-Rocket-Landing\Deterministic 6DoF CVXPY\Deterministic 6DoF CVXPY\Deterministic_6DoF_fixed_FOH_QOCO\c\build\CMakeFiles\3.24.2\CompilerIdC\Debug\CompilerIdC.tlog\link-rc.write.1.tlog. The system cannot find the path specified. [C:\Users\thatf\OneDrive\Documents\Purdue Classes\AAE 590ACA\AAE590ACA-Stochastic-SCP-Rocket-Landing\Deterministic 6DoF CVXPY\Deterministic 6DoF CVXPY\Deterministic_6DoF_fixed_FOH_QOCO\c\build\CMakeFiles\3.24.2\CompilerIdC\CompilerIdC.vcxproj]
  FileTracker : error FTK1011: could not create the new file tracking log file: C:\Users\thatf\OneDrive\Documents\Purdue Classes\AAE 590ACA\AAE590ACA-Stochastic-SCP-Rocket-Landing\Deterministic 6DoF CVXPY\Deterministic 6DoF CVXPY\Deterministic_6DoF_fixed_FOH_QOCO\c\build\CMakeFiles\3.24.2\CompilerIdC\Debug\CompilerIdC.tlog\link-cvtres.read.1.tlog. The system cannot find the path specified. [C:\Users\thatf\OneDrive\Documents\Purdue Classes\AAE 590ACA\AAE590ACA-Stochastic-SCP-Rocket-Landing\Deterministic 6DoF CVXPY\Deterministic 6DoF CVXPY\Deterministic_6DoF_fixed_FOH_QOCO\c\build\CMakeFiles\3.24.2\CompilerIdC\CompilerIdC.vcxproj]
  FileTracker : error FTK1011: could not create the new file tracking log file: C:\Users\thatf\OneDrive\Documents\Purdue Classes\AAE 590ACA\AAE590ACA-Stochastic-SCP-Rocket-Landing\Deterministic 6DoF CVXPY\Deterministic 6DoF CVXPY\Deterministic_6DoF_fixed_FOH_QOCO\c\build\CMakeFiles\3.24.2\CompilerIdC\Debug\CompilerIdC.tlog\link-cvtres.write.1.tlog. The system cannot find the path specified. [C:\Users\thatf\OneDrive\Documents\Purdue Classes\AAE 590ACA\AAE590ACA-Stochastic-SCP-Rocket-Landing\Deterministic 6DoF CVXPY\Deterministic 6DoF CVXPY\Deterministic_6DoF_fixed_FOH_QOCO\c\build\CMakeFiles\3.24.2\CompilerIdC\CompilerIdC.vcxproj]
  FileTracker : error FTK1011: could not create the new file tracking log file: C:\Users\thatf\OneDrive\Documents\Purdue Classes\AAE 590ACA\AAE590ACA-Stochastic-SCP-Rocket-Landing\Deterministic 6DoF CVXPY\Deterministic 6DoF CVXPY\Deterministic_6DoF_fixed_FOH_QOCO\c\build\CMakeFiles\3.24.2\CompilerIdC\Debug\CompilerIdC.tlog\link.read.1.tlog. The system cannot find the path specified. [C:\Users\thatf\OneDrive\Documents\Purdue Classes\AAE 590ACA\AAE590ACA-Stochastic-SCP-Rocket-Landing\Deterministic 6DoF CVXPY\Deterministic 6DoF CVXPY\Deterministic_6DoF_fixed_FOH_QOCO\c\build\CMakeFiles\3.24.2\CompilerIdC\CompilerIdC.vcxproj]
  FileTracker : error FTK1011: could not create the new file tracking log file: C:\Users\thatf\OneDrive\Documents\Purdue Classes\AAE 590ACA\AAE590ACA-Stochastic-SCP-Rocket-Landing\Deterministic 6DoF CVXPY\Deterministic 6DoF CVXPY\Deterministic_6DoF_fixed_FOH_QOCO\c\build\CMakeFiles\3.24.2\CompilerIdC\Debug\CompilerIdC.tlog\link.write.1.tlog. The system cannot find the path specified. [C:\Users\thatf\OneDrive\Documents\Purdue Classes\AAE 590ACA\AAE590ACA-Stochastic-SCP-Rocket-Landing\Deterministic 6DoF CVXPY\Deterministic 6DoF CVXPY\Deterministic_6DoF_fixed_FOH_QOCO\c\build\CMakeFiles\3.24.2\CompilerIdC\CompilerIdC.vcxproj]

    0 Warning(s)
    6 Error(s)

Time Elapsed 00:00:00.55


Compiling the C compiler identification source file "CMakeCCompilerId.c" failed.
Compiler:  
Build flags: 
Id flags:  

The output was:
1
MSBuild version 17.4.1+9a89d02ff for .NET Framework
Build started 9/18/2025 4:08:41 PM.
Project "C:\Users\thatf\OneDrive\Documents\Purdue Classes\AAE 590ACA\AAE590ACA-Stochastic-SCP-Rocket-Landing\Deterministic 6DoF CVXPY\Deterministic 6DoF CVXPY\Deterministic_6DoF_fixed_FOH_QOCO\c\build\CMakeFiles\3.24.2\CompilerIdC\CompilerIdC.vcxproj" on node 1 (default targets).
PrepareForBuild:
  Creating directory "Debug\".
  Creating directory "Debug\CompilerIdC.tlog\".
InitializeBuildStatus:
  Creating "Debug\CompilerIdC.tlog\unsuccessfulbuild" because "AlwaysCreate" was specified.
ClCompile:
  C:\Program Files (x86)\Microsoft Visual Studio\2022\BuildTools\VC\Tools\MSVC\14.34.31933\bin\HostX64\x64\CL.exe /c /nologo /W0 /WX- /diagnostics:column /Od /D _MBCS /Gm- /EHsc /RTC1 /MDd /GS /fp:precise /Zc:wchar_t /Zc:forScope /Zc:inline /Fo"Debug\\" /Fd"Debug\vc143.pdb" /external:W0 /Gd /TC /FC /errorReport:queue CMakeCCompilerId.c
  CMakeCCompilerId.c
Link:
  C:\Program Files (x86)\Microsoft Visual Studio\2022\BuildTools\VC\Tools\MSVC\14.34.31933\bin\HostX64\x64\link.exe /ERRORREPORT:QUEUE /OUT:".\CompilerIdC.exe" /INCREMENTAL:NO /NOLOGO kernel32.lib user32.lib gdi32.lib winspool.lib comdlg32.lib advapi32.lib shell32.lib ole32.lib oleaut32.lib uuid.lib odbc32.lib odbccp32.lib /MANIFEST /MANIFESTUAC:"level='asInvoker' uiAccess='false'" /manifest:embed /PDB:".\CompilerIdC.pdb" /SUBSYSTEM:CONSOLE /TLBID:1 /DYNAMICBASE /NXCOMPAT /IMPLIB:".\CompilerIdC.lib" /MACHINE:X64 Debug\CMakeCCompilerId.obj
FileTracker : error FTK1011: could not create the new file tracking log file: C:\Users\thatf\OneDrive\Documents\Purdue Classes\AAE 590ACA\AAE590ACA-Stochastic-SCP-Rocket-Landing\Deterministic 6DoF CVXPY\Deterministic 6DoF CVXPY\Deterministic_6DoF_fixed_FOH_QOCO\c\build\CMakeFiles\3.24.2\CompilerIdC\Debug\CompilerIdC.tlog\link-rc.read.1.tlog. The system cannot find the path specified. [C:\Users\thatf\OneDrive\Documents\Purdue Classes\AAE 590ACA\AAE590ACA-Stochastic-SCP-Rocket-Landing\Deterministic 6DoF CVXPY\Deterministic 6DoF CVXPY\Deterministic_6DoF_fixed_FOH_QOCO\c\build\CMakeFiles\3.24.2\CompilerIdC\CompilerIdC.vcxproj]
  
  
  
FileTracker : error FTK1011: could not create the new file tracking log file: C:\Users\thatf\OneDrive\Documents\Purdue Classes\AAE 590ACA\AAE590ACA-Stochastic-SCP-Rocket-Landing\Deterministic 6DoF CVXPY\Deterministic 6DoF CVXPY\Deterministic_6DoF_fixed_FOH_QOCO\c\build\CMakeFiles\3.24.2\CompilerIdC\Debug\CompilerIdC.tlog\link-rc.write.1.tlog. The system cannot find the path specified. [C:\Users\thatf\OneDrive\Documents\Purdue Classes\AAE 590ACA\AAE590ACA-Stochastic-SCP-Rocket-Landing\Deterministic 6DoF CVXPY\Deterministic 6DoF CVXPY\Deterministic_6DoF_fixed_FOH_QOCO\c\build\CMakeFiles\3.24.2\CompilerIdC\CompilerIdC.vcxproj]
  
  
  
FileTracker : error FTK1011: could not create the new file tracking log file: C:\Users\thatf\OneDrive\Documents\Purdue Classes\AAE 590ACA\AAE590ACA-Stochastic-SCP-Rocket-Landing\Deterministic 6DoF CVXPY\Deterministic 6DoF CVXPY\Deterministic_6DoF_fixed_FOH_QOCO\c\build\CMakeFiles\3.24.2\CompilerIdC\Debug\CompilerIdC.tlog\link-cvtres.read.1.tlog. The system cannot find the path specified. [C:\Users\thatf\OneDrive\Documents\Purdue Classes\AAE 590ACA\AAE590ACA-Stochastic-SCP-Rocket-Landing\Deterministic 6DoF CVXPY\Deterministic 6DoF CVXPY\Deterministic_6DoF_fixed_FOH_QOCO\c\build\CMakeFiles\3.24.2\CompilerIdC\CompilerIdC.vcxproj]
  
  
  
FileTracker : error FTK1011: could not create the new file tracking log file: C:\Users\thatf\OneDrive\Documents\Purdue Classes\AAE 590ACA\AAE590ACA-Stochastic-SCP-Rocket-Landing\Deterministic 6DoF CVXPY\Deterministic 6DoF CVXPY\Deterministic_6DoF_fixed_FOH_QOCO\c\build\CMakeFiles\3.24.2\CompilerIdC\Debug\CompilerIdC.tlog\link-cvtres.write.1.tlog. The system cannot find the path specified. [C:\Users\thatf\OneDrive\Documents\Purdue Classes\AAE 590ACA\AAE590ACA-Stochastic-SCP-Rocket-Landing\Deterministic 6DoF CVXPY\Deterministic 6DoF CVXPY\Deterministic_6DoF_fixed_FOH_QOCO\c\build\CMakeFiles\3.24.2\CompilerIdC\CompilerIdC.vcxproj]
  
  
  
FileTracker : error FTK1011: could not create the new file tracking log file: C:\Users\thatf\OneDrive\Documents\Purdue Classes\AAE 590ACA\AAE590ACA-Stochastic-SCP-Rocket-Landing\Deterministic 6DoF CVXPY\Deterministic 6DoF CVXPY\Deterministic_6DoF_fixed_FOH_QOCO\c\build\CMakeFiles\3.24.2\CompilerIdC\Debug\CompilerIdC.tlog\link.read.1.tlog. The system cannot find the path specified. [C:\Users\thatf\OneDrive\Documents\Purdue Classes\AAE 590ACA\AAE590ACA-Stochastic-SCP-Rocket-Landing\Deterministic 6DoF CVXPY\Deterministic 6DoF CVXPY\Deterministic_6DoF_fixed_FOH_QOCO\c\build\CMakeFiles\3.24.2\CompilerIdC\CompilerIdC.vcxproj]
  
  
  
FileTracker : error FTK1011: could not create the new file tracking log file: C:\Users\thatf\OneDrive\Documents\Purdue Classes\AAE 590ACA\AAE590ACA-Stochastic-SCP-Rocket-Landing\Deterministic 6DoF CVXPY\Deterministic 6DoF CVXPY\Deterministic_6DoF_fixed_FOH_QOCO\c\build\CMakeFiles\3.24.2\CompilerIdC\Debug\CompilerIdC.tlog\link.write.1.tlog. The system cannot find the path specified. [C:\Users\thatf\OneDrive\Documents\Purdue Classes\AAE 590ACA\AAE590ACA-Stochastic-SCP-Rocket-Landing\Deterministic 6DoF CVXPY\Deterministic 6DoF CVXPY\Deterministic_6DoF_fixed_FOH_QOCO\c\build\CMakeFiles\3.24.2\CompilerIdC\CompilerIdC.vcxproj]
  
  
  
Done Building Project "C:\Users\thatf\OneDrive\Documents\Purdue Classes\AAE 590ACA\AAE590ACA-Stochastic-SCP-Rocket-Landing\Deterministic 6DoF CVXPY\Deterministic 6DoF CVXPY\Deterministic_6DoF_fixed_FOH_QOCO\c\build\CMakeFiles\3.24.2\CompilerIdC\CompilerIdC.vcxproj" (default targets) -- FAILED.

Build FAILED.

"C:\Users\thatf\OneDrive\Documents\Purdue Classes\AAE 590ACA\AAE590ACA-Stochastic-SCP-Rocket-Landing\Deterministic 6DoF CVXPY\Deterministic 6DoF CVXPY\Deterministic_6DoF_fixed_FOH_QOCO\c\build\CMakeFiles\3.24.2\CompilerIdC\CompilerIdC.vcxproj" (default target) (1) ->
(Link target) -> 
  FileTracker : error FTK1011: could not create the new file tracking log file: C:\Users\thatf\OneDrive\Documents\Purdue Classes\AAE 590ACA\AAE590ACA-Stochastic-SCP-Rocket-Landing\Deterministic 6DoF CVXPY\Deterministic 6DoF CVXPY\Deterministic_6DoF_fixed_FOH_QOCO\c\build\CMakeFiles\3.24.2\CompilerIdC\Debug\CompilerIdC.tlog\link-rc.read.1.tlog. The system cannot find the path specified. [C:\Users\thatf\OneDrive\Documents\Purdue Classes\AAE 590ACA\AAE590ACA-Stochastic-SCP-Rocket-Landing\Deterministic 6DoF CVXPY\Deterministic 6DoF CVXPY\Deterministic_6DoF_fixed_FOH_QOCO\c\build\CMakeFiles\3.24.2\CompilerIdC\CompilerIdC.vcxproj]
  FileTracker : error FTK1011: could not create the new file tracking log file: C:\Users\thatf\OneDrive\Documents\Purdue Classes\AAE 590ACA\AAE590ACA-Stochastic-SCP-Rocket-Landing\Deterministic 6DoF CVXPY\Deterministic 6DoF CVXPY\Deterministic_6DoF_fixed_FOH_QOCO\c\build\CMakeFiles\3.24.2\CompilerIdC\Debug\CompilerIdC.tlog\link-rc.write.1.tlog. The system cannot find the path specified. [C:\Users\thatf\OneDrive\Documents\Purdue Classes\AAE 590ACA\AAE590ACA-Stochastic-SCP-Rocket-Landing\Deterministic 6DoF CVXPY\Deterministic 6DoF CVXPY\Deterministic_6DoF_fixed_FOH_QOCO\c\build\CMakeFiles\3.24.2\CompilerIdC\CompilerIdC.vcxproj]
  FileTracker : error FTK1011: could not create the new file tracking log file: C:\Users\thatf\OneDrive\Documents\Purdue Classes\AAE 590ACA\AAE590ACA-Stochastic-SCP-Rocket-Landing\Deterministic 6DoF CVXPY\Deterministic 6DoF CVXPY\Deterministic_6DoF_fixed_FOH_QOCO\c\build\CMakeFiles\3.24.2\CompilerIdC\Debug\CompilerIdC.tlog\link-cvtres.read.1.tlog. The system cannot find the path specified. [C:\Users\thatf\OneDrive\Documents\Purdue Classes\AAE 590ACA\AAE590ACA-Stochastic-SCP-Rocket-Landing\Deterministic 6DoF CVXPY\Deterministic 6DoF CVXPY\Deterministic_6DoF_fixed_FOH_QOCO\c\build\CMakeFiles\3.24.2\CompilerIdC\CompilerIdC.vcxproj]
  FileTracker : error FTK1011: could not create the new file tracking log file: C:\Users\thatf\OneDrive\Documents\Purdue Classes\AAE 590ACA\AAE590ACA-Stochastic-SCP-Rocket-Landing\Deterministic 6DoF CVXPY\Deterministic 6DoF CVXPY\Deterministic_6DoF_fixed_FOH_QOCO\c\build\CMakeFiles\3.24.2\CompilerIdC\Debug\CompilerIdC.tlog\link-cvtres.write.1.tlog. The system cannot find the path specified. [C:\Users\thatf\OneDrive\Documents\Purdue Classes\AAE 590ACA\AAE590ACA-Stochastic-SCP-Rocket-Landing\Deterministic 6DoF CVXPY\Deterministic 6DoF CVXPY\Deterministic_6DoF_fixed_FOH_QOCO\c\build\CMakeFiles\3.24.2\CompilerIdC\CompilerIdC.vcxproj]
  FileTracker : error FTK1011: could not create the new file tracking log file: C:\Users\thatf\OneDrive\Documents\Purdue Classes\AAE 590ACA\AAE590ACA-Stochastic-SCP-Rocket-Landing\Deterministic 6DoF CVXPY\Deterministic 6DoF CVXPY\Deterministic_6DoF_fixed_FOH_QOCO\c\build\CMakeFiles\3.24.2\CompilerIdC\Debug\CompilerIdC.tlog\link.read.1.tlog. The system cannot find the path specified. [C:\Users\thatf\OneDrive\Documents\Purdue Classes\AAE 590ACA\AAE590ACA-Stochastic-SCP-Rocket-Landing\Deterministic 6DoF CVXPY\Deterministic 6DoF CVXPY\Deterministic_6DoF_fixed_FOH_QOCO\c\build\CMakeFiles\3.24.2\CompilerIdC\CompilerIdC.vcxproj]
  FileTracker : error FTK1011: could not create the new file tracking log file: C:\Users\thatf\OneDrive\Documents\Purdue Classes\AAE 590ACA\AAE590ACA-Stochastic-SCP-Rocket-Landing\Deterministic 6DoF CVXPY\Deterministic 6DoF CVXPY\Deterministic_6DoF_fixed_FOH_QOCO\c\build\CMakeFiles\3.24.2\CompilerIdC\Debug\CompilerIdC.tlog\link.write.1.tlog. The system cannot find the path specified. [C:\Users\thatf\OneDrive\Documents\Purdue Classes\AAE 590ACA\AAE590ACA-Stochastic-SCP-Rocket-Landing\Deterministic 6DoF CVXPY\Deterministic 6DoF CVXPY\Deterministic_6DoF_fixed_FOH_QOCO\c\build\CMakeFiles\3.24.2\CompilerIdC\CompilerIdC.vcxproj]

    0 Warning(s)
    6 Error(s)

Time Elapsed 00:00:00.46


Compiling the CXX compiler identification source file "CMakeCXXCompilerId.cpp" failed.
Compiler:  
Build flags: 
Id flags:  

The output was:
1
MSBuild version 17.4.1+9a89d02ff for .NET Framework
Build started 9/18/2025 4:08:41 PM.
Project "C:\Users\thatf\OneDrive\Documents\Purdue Classes\AAE 590ACA\AAE590ACA-Stochastic-SCP-Rocket-Landing\Deterministic 6DoF CVXPY\Deterministic 6DoF CVXPY\Deterministic_6DoF_fixed_FOH_QOCO\c\build\CMakeFiles\3.24.2\CompilerIdCXX\CompilerIdCXX.vcxproj" on node 1 (default targets).
PrepareForBuild:
  Creating directory "Debug\".
  Creating directory "Debug\CompilerIdCXX.tlog\".
InitializeBuildStatus:
  Creating "Debug\CompilerIdCXX.tlog\unsuccessfulbuild" because "AlwaysCreate" was specified.
ClCompile:
  C:\Program Files (x86)\Microsoft Visual Studio\2022\BuildTools\VC\Tools\MSVC\14.34.31933\bin\HostX64\x64\CL.exe /c /nologo /W0 /WX- /diagnostics:column /Od /D _MBCS /Gm- /EHsc /RTC1 /MDd /GS /fp:precise /Zc:wchar_t /Zc:forScope /Zc:inline /Fo"Debug\\" /Fd"Debug\vc143.pdb" /external:W0 /Gd /TP /FC /errorReport:queue CMakeCXXCompilerId.cpp
  CMakeCXXCompilerId.cpp
Link:
  C:\Program Files (x86)\Microsoft Visual Studio\2022\BuildTools\VC\Tools\MSVC\14.34.31933\bin\HostX64\x64\link.exe /ERRORREPORT:QUEUE /OUT:".\CompilerIdCXX.exe" /INCREMENTAL:NO /NOLOGO kernel32.lib user32.lib gdi32.lib winspool.lib comdlg32.lib advapi32.lib shell32.lib ole32.lib oleaut32.lib uuid.lib odbc32.lib odbccp32.lib /MANIFEST /MANIFESTUAC:"level='asInvoker' uiAccess='false'" /manifest:embed /PDB:".\CompilerIdCXX.pdb" /SUBSYSTEM:CONSOLE /TLBID:1 /DYNAMICBASE /NXCOMPAT /IMPLIB:".\CompilerIdCXX.lib" /MACHINE:X64 Debug\CMakeCXXCompilerId.obj
FileTracker : error FTK1011: could not create the new file tracking log file: C:\Users\thatf\OneDrive\Documents\Purdue Classes\AAE 590ACA\AAE590ACA-Stochastic-SCP-Rocket-Landing\Deterministic 6DoF CVXPY\Deterministic 6DoF CVXPY\Deterministic_6DoF_fixed_FOH_QOCO\c\build\CMakeFiles\3.24.2\CompilerIdCXX\Debug\CompilerIdCXX.tlog\link-rc.read.1.tlog. The system cannot find the path specified. [C:\Users\thatf\OneDrive\Documents\Purdue Classes\AAE 590ACA\AAE590ACA-Stochastic-SCP-Rocket-Landing\Deterministic 6DoF CVXPY\Deterministic 6DoF CVXPY\Deterministic_6DoF_fixed_FOH_QOCO\c\build\CMakeFiles\3.24.2\CompilerIdCXX\CompilerIdCXX.vcxproj]
  
  
  
FileTracker : error FTK1011: could not create the new file tracking log file: C:\Users\thatf\OneDrive\Documents\Purdue Classes\AAE 590ACA\AAE590ACA-Stochastic-SCP-Rocket-Landing\Deterministic 6DoF CVXPY\Deterministic 6DoF CVXPY\Deterministic_6DoF_fixed_FOH_QOCO\c\build\CMakeFiles\3.24.2\CompilerIdCXX\Debug\CompilerIdCXX.tlog\link-rc.write.1.tlog. The system cannot find the path specified. [C:\Users\thatf\OneDrive\Documents\Purdue Classes\AAE 590ACA\AAE590ACA-Stochastic-SCP-Rocket-Landing\Deterministic 6DoF CVXPY\Deterministic 6DoF CVXPY\Deterministic_6DoF_fixed_FOH_QOCO\c\build\CMakeFiles\3.24.2\CompilerIdCXX\CompilerIdCXX.vcxproj]
  
  
  
FileTracker : error FTK1011: could not create the new file tracking log file: C:\Users\thatf\OneDrive\Documents\Purdue Classes\AAE 590ACA\AAE590ACA-Stochastic-SCP-Rocket-Landing\Deterministic 6DoF CVXPY\Deterministic 6DoF CVXPY\Deterministic_6DoF_fixed_FOH_QOCO\c\build\CMakeFiles\3.24.2\CompilerIdCXX\Debug\CompilerIdCXX.tlog\link-cvtres.read.1.tlog. The system cannot find the path specified. [C:\Users\thatf\OneDrive\Documents\Purdue Classes\AAE 590ACA\AAE590ACA-Stochastic-SCP-Rocket-Landing\Deterministic 6DoF CVXPY\Deterministic 6DoF CVXPY\Deterministic_6DoF_fixed_FOH_QOCO\c\build\CMakeFiles\3.24.2\CompilerIdCXX\CompilerIdCXX.vcxproj]
  
  
  
FileTracker : error FTK1011: could not create the new file tracking log file: C:\Users\thatf\OneDrive\Documents\Purdue Classes\AAE 590ACA\AAE590ACA-Stochastic-SCP-Rocket-Landing\Deterministic 6DoF CVXPY\Deterministic 6DoF CVXPY\Deterministic_6DoF_fixed_FOH_QOCO\c\build\CMakeFiles\3.24.2\CompilerIdCXX\Debug\CompilerIdCXX.tlog\link-cvtres.write.1.tlog. The system cannot find the path specified. [C:\Users\thatf\OneDrive\Documents\Purdue Classes\AAE 590ACA\AAE590ACA-Stochastic-SCP-Rocket-Landing\Deterministic 6DoF CVXPY\Deterministic 6DoF CVXPY\Deterministic_6DoF_fixed_FOH_QOCO\c\build\CMakeFiles\3.24.2\CompilerIdCXX\CompilerIdCXX.vcxproj]
  
  
  
FileTracker : error FTK1011: could not create the new file tracking log file: C:\Users\thatf\OneDrive\Documents\Purdue Classes\AAE 590ACA\AAE590ACA-Stochastic-SCP-Rocket-Landing\Deterministic 6DoF CVXPY\Deterministic 6DoF CVXPY\Deterministic_6DoF_fixed_FOH_QOCO\c\build\CMakeFiles\3.24.2\CompilerIdCXX\Debug\CompilerIdCXX.tlog\link.read.1.tlog. The system cannot find the path specified. [C:\Users\thatf\OneDrive\Documents\Purdue Classes\AAE 590ACA\AAE590ACA-Stochastic-SCP-Rocket-Landing\Deterministic 6DoF CVXPY\Deterministic 6DoF CVXPY\Deterministic_6DoF_fixed_FOH_QOCO\c\build\CMakeFiles\3.24.2\CompilerIdCXX\CompilerIdCXX.vcxproj]
  
  
  
FileTracker : error FTK1011: could not create the new file tracking log file: C:\Users\thatf\OneDrive\Documents\Purdue Classes\AAE 590ACA\AAE590ACA-Stochastic-SCP-Rocket-Landing\Deterministic 6DoF CVXPY\Deterministic 6DoF CVXPY\Deterministic_6DoF_fixed_FOH_QOCO\c\build\CMakeFiles\3.24.2\CompilerIdCXX\Debug\CompilerIdCXX.tlog\link.write.1.tlog. The system cannot find the path specified. [C:\Users\thatf\OneDrive\Documents\Purdue Classes\AAE 590ACA\AAE590ACA-Stochastic-SCP-Rocket-Landing\Deterministic 6DoF CVXPY\Deterministic 6DoF CVXPY\Deterministic_6DoF_fixed_FOH_QOCO\c\build\CMakeFiles\3.24.2\CompilerIdCXX\CompilerIdCXX.vcxproj]
  
  
  
Done Building Project "C:\Users\thatf\OneDrive\Documents\Purdue Classes\AAE 590ACA\AAE590ACA-Stochastic-SCP-Rocket-Landing\Deterministic 6DoF CVXPY\Deterministic 6DoF CVXPY\Deterministic_6DoF_fixed_FOH_QOCO\c\build\CMakeFiles\3.24.2\CompilerIdCXX\CompilerIdCXX.vcxproj" (default targets) -- FAILED.

Build FAILED.

"C:\Users\thatf\OneDrive\Documents\Purdue Classes\AAE 590ACA\AAE590ACA-Stochastic-SCP-Rocket-Landing\Deterministic 6DoF CVXPY\Deterministic 6DoF CVXPY\Deterministic_6DoF_fixed_FOH_QOCO\c\build\CMakeFiles\3.24.2\CompilerIdCXX\CompilerIdCXX.vcxproj" (default target) (1) ->
(Link target) -> 
  FileTracker : error FTK1011: could not create the new file tracking log file: C:\Users\thatf\OneDrive\Documents\Purdue Classes\AAE 590ACA\AAE590ACA-Stochastic-SCP-Rocket-Landing\Deterministic 6DoF CVXPY\Deterministic 6DoF CVXPY\Deterministic_6DoF_fixed_FOH_QOCO\c\build\CMakeFiles\3.24.2\CompilerIdCXX\Debug\CompilerIdCXX.tlog\link-rc.read.1.tlog. The system cannot find the path specified. [C:\Users\thatf\OneDrive\Documents\Purdue Classes\AAE 590ACA\AAE590ACA-Stochastic-SCP-Rocket-Landing\Deterministic 6DoF CVXPY\Deterministic 6DoF CVXPY\Deterministic_6DoF_fixed_FOH_QOCO\c\build\CMakeFiles\3.24.2\CompilerIdCXX\CompilerIdCXX.vcxproj]
  FileTracker : error FTK1011: could not create the new file tracking log file: C:\Users\thatf\OneDrive\Documents\Purdue Classes\AAE 590ACA\AAE590ACA-Stochastic-SCP-Rocket-Landing\Deterministic 6DoF CVXPY\Deterministic 6DoF CVXPY\Deterministic_6DoF_fixed_FOH_QOCO\c\build\CMakeFiles\3.24.2\CompilerIdCXX\Debug\CompilerIdCXX.tlog\link-rc.write.1.tlog. The system cannot find the path specified. [C:\Users\thatf\OneDrive\Documents\Purdue Classes\AAE 590ACA\AAE590ACA-Stochastic-SCP-Rocket-Landing\Deterministic 6DoF CVXPY\Deterministic 6DoF CVXPY\Deterministic_6DoF_fixed_FOH_QOCO\c\build\CMakeFiles\3.24.2\CompilerIdCXX\CompilerIdCXX.vcxproj]
  FileTracker : error FTK1011: could not create the new file tracking log file: C:\Users\thatf\OneDrive\Documents\Purdue Classes\AAE 590ACA\AAE590ACA-Stochastic-SCP-Rocket-Landing\Deterministic 6DoF CVXPY\Deterministic 6DoF CVXPY\Deterministic_6DoF_fixed_FOH_QOCO\c\build\CMakeFiles\3.24.2\CompilerIdCXX\Debug\CompilerIdCXX.tlog\link-cvtres.read.1.tlog. The system cannot find the path specified. [C:\Users\thatf\OneDrive\Documents\Purdue Classes\AAE 590ACA\AAE590ACA-Stochastic-SCP-Rocket-Landing\Deterministic 6DoF CVXPY\Deterministic 6DoF CVXPY\Deterministic_6DoF_fixed_FOH_QOCO\c\build\CMakeFiles\3.24.2\CompilerIdCXX\CompilerIdCXX.vcxproj]
  FileTracker : error FTK1011: could not create the new file tracking log file: C:\Users\thatf\OneDrive\Documents\Purdue Classes\AAE 590ACA\AAE590ACA-Stochastic-SCP-Rocket-Landing\Deterministic 6DoF CVXPY\Deterministic 6DoF CVXPY\Deterministic_6DoF_fixed_FOH_QOCO\c\build\CMakeFiles\3.24.2\CompilerIdCXX\Debug\CompilerIdCXX.tlog\link-cvtres.write.1.tlog. The system cannot find the path specified. [C:\Users\thatf\OneDrive\Documents\Purdue Classes\AAE 590ACA\AAE590ACA-Stochastic-SCP-Rocket-Landing\Deterministic 6DoF CVXPY\Deterministic 6DoF CVXPY\Deterministic_6DoF_fixed_FOH_QOCO\c\build\CMakeFiles\3.24.2\CompilerIdCXX\CompilerIdCXX.vcxproj]
  FileTracker : error FTK1011: could not create the new file tracking log file: C:\Users\thatf\OneDrive\Documents\Purdue Classes\AAE 590ACA\AAE590ACA-Stochastic-SCP-Rocket-Landing\Deterministic 6DoF CVXPY\Deterministic 6DoF CVXPY\Deterministic_6DoF_fixed_FOH_QOCO\c\build\CMakeFiles\3.24.2\CompilerIdCXX\Debug\CompilerIdCXX.tlog\link.read.1.tlog. The system cannot find the path specified. [C:\Users\thatf\OneDrive\Documents\Purdue Classes\AAE 590ACA\AAE590ACA-Stochastic-SCP-Rocket-Landing\Deterministic 6DoF CVXPY\Deterministic 6DoF CVXPY\Deterministic_6DoF_fixed_FOH_QOCO\c\build\CMakeFiles\3.24.2\CompilerIdCXX\CompilerIdCXX.vcxproj]
  FileTracker : error FTK1011: could not create the new file tracking log file: C:\Users\thatf\OneDrive\Documents\Purdue Classes\AAE 590ACA\AAE590ACA-Stochastic-SCP-Rocket-Landing\Deterministic 6DoF CVXPY\Deterministic 6DoF CVXPY\Deterministic_6DoF_fixed_FOH_QOCO\c\build\CMakeFiles\3.24.2\CompilerIdCXX\Debug\CompilerIdCXX.tlog\link.write.1.tlog. The system cannot find the path specified. [C:\Users\thatf\OneDrive\Documents\Purdue Classes\AAE 590ACA\AAE590ACA-Stochastic-SCP-Rocket-Landing\Deterministic 6DoF CVXPY\Deterministic 6DoF CVXPY\Deterministic_6DoF_fixed_FOH_QOCO\c\build\CMakeFiles\3.24.2\CompilerIdCXX\CompilerIdCXX.vcxproj]

    0 Warning(s)
    6 Error(s)

Time Elapsed 00:00:00.43


Compiling the CXX compiler identification source file "CMakeCXXCompilerId.cpp" failed.
Compiler:  
Build flags: 
Id flags:  

The output was:
1
MSBuild version 17.4.1+9a89d02ff for .NET Framework
Build started 9/18/2025 4:08:42 PM.
Project "C:\Users\thatf\OneDrive\Documents\Purdue Classes\AAE 590ACA\AAE590ACA-Stochastic-SCP-Rocket-Landing\Deterministic 6DoF CVXPY\Deterministic 6DoF CVXPY\Deterministic_6DoF_fixed_FOH_QOCO\c\build\CMakeFiles\3.24.2\CompilerIdCXX\CompilerIdCXX.vcxproj" on node 1 (default targets).
PrepareForBuild:
  Creating directory "Debug\".
  Creating directory "Debug\CompilerIdCXX.tlog\".
InitializeBuildStatus:
  Creating "Debug\CompilerIdCXX.tlog\unsuccessfulbuild" because "AlwaysCreate" was specified.
ClCompile:
  C:\Program Files (x86)\Microsoft Visual Studio\2022\BuildTools\VC\Tools\MSVC\14.34.31933\bin\HostX64\x64\CL.exe /c /nologo /W0 /WX- /diagnostics:column /Od /D _MBCS /Gm- /EHsc /RTC1 /MDd /GS /fp:precise /Zc:wchar_t /Zc:forScope /Zc:inline /Fo"Debug\\" /Fd"Debug\vc143.pdb" /external:W0 /Gd /TP /FC /errorReport:queue CMakeCXXCompilerId.cpp
  CMakeCXXCompilerId.cpp
Link:
  C:\Program Files (x86)\Microsoft Visual Studio\2022\BuildTools\VC\Tools\MSVC\14.34.31933\bin\HostX64\x64\link.exe /ERRORREPORT:QUEUE /OUT:".\CompilerIdCXX.exe" /INCREMENTAL:NO /NOLOGO kernel32.lib user32.lib gdi32.lib winspool.lib comdlg32.lib advapi32.lib shell32.lib ole32.lib oleaut32.lib uuid.lib odbc32.lib odbccp32.lib /MANIFEST /MANIFESTUAC:"level='asInvoker' uiAccess='false'" /manifest:embed /PDB:".\CompilerIdCXX.pdb" /SUBSYSTEM:CONSOLE /TLBID:1 /DYNAMICBASE /NXCOMPAT /IMPLIB:".\CompilerIdCXX.lib" /MACHINE:X64 Debug\CMakeCXXCompilerId.obj
FileTracker : error FTK1011: could not create the new file tracking log file: C:\Users\thatf\OneDrive\Documents\Purdue Classes\AAE 590ACA\AAE590ACA-Stochastic-SCP-Rocket-Landing\Deterministic 6DoF CVXPY\Deterministic 6DoF CVXPY\Deterministic_6DoF_fixed_FOH_QOCO\c\build\CMakeFiles\3.24.2\CompilerIdCXX\Debug\CompilerIdCXX.tlog\link-rc.read.1.tlog. The system cannot find the path specified. [C:\Users\thatf\OneDrive\Documents\Purdue Classes\AAE 590ACA\AAE590ACA-Stochastic-SCP-Rocket-Landing\Deterministic 6DoF CVXPY\Deterministic 6DoF CVXPY\Deterministic_6DoF_fixed_FOH_QOCO\c\build\CMakeFiles\3.24.2\CompilerIdCXX\CompilerIdCXX.vcxproj]
  
  
  
FileTracker : error FTK1011: could not create the new file tracking log file: C:\Users\thatf\OneDrive\Documents\Purdue Classes\AAE 590ACA\AAE590ACA-Stochastic-SCP-Rocket-Landing\Deterministic 6DoF CVXPY\Deterministic 6DoF CVXPY\Deterministic_6DoF_fixed_FOH_QOCO\c\build\CMakeFiles\3.24.2\CompilerIdCXX\Debug\CompilerIdCXX.tlog\link-rc.write.1.tlog. The system cannot find the path specified. [C:\Users\thatf\OneDrive\Documents\Purdue Classes\AAE 590ACA\AAE590ACA-Stochastic-SCP-Rocket-Landing\Deterministic 6DoF CVXPY\Deterministic 6DoF CVXPY\Deterministic_6DoF_fixed_FOH_QOCO\c\build\CMakeFiles\3.24.2\CompilerIdCXX\CompilerIdCXX.vcxproj]
  
  
  
FileTracker : error FTK1011: could not create the new file tracking log file: C:\Users\thatf\OneDrive\Documents\Purdue Classes\AAE 590ACA\AAE590ACA-Stochastic-SCP-Rocket-Landing\Deterministic 6DoF CVXPY\Deterministic 6DoF CVXPY\Deterministic_6DoF_fixed_FOH_QOCO\c\build\CMakeFiles\3.24.2\CompilerIdCXX\Debug\CompilerIdCXX.tlog\link-cvtres.read.1.tlog. The system cannot find the path specified. [C:\Users\thatf\OneDrive\Documents\Purdue Classes\AAE 590ACA\AAE590ACA-Stochastic-SCP-Rocket-Landing\Deterministic 6DoF CVXPY\Deterministic 6DoF CVXPY\Deterministic_6DoF_fixed_FOH_QOCO\c\build\CMakeFiles\3.24.2\CompilerIdCXX\CompilerIdCXX.vcxproj]
  
  
  
FileTracker : error FTK1011: could not create the new file tracking log file: C:\Users\thatf\OneDrive\Documents\Purdue Classes\AAE 590ACA\AAE590ACA-Stochastic-SCP-Rocket-Landing\Deterministic 6DoF CVXPY\Deterministic 6DoF CVXPY\Deterministic_6DoF_fixed_FOH_QOCO\c\build\CMakeFiles\3.24.2\CompilerIdCXX\Debug\CompilerIdCXX.tlog\link-cvtres.write.1.tlog. The system cannot find the path specified. [C:\Users\thatf\OneDrive\Documents\Purdue Classes\AAE 590ACA\AAE590ACA-Stochastic-SCP-Rocket-Landing\Deterministic 6DoF CVXPY\Deterministic 6DoF CVXPY\Deterministic_6DoF_fixed_FOH_QOCO\c\build\CMakeFiles\3.24.2\CompilerIdCXX\CompilerIdCXX.vcxproj]
  
  
  
FileTracker : error FTK1011: could not create the new file tracking log file: C:\Users\thatf\OneDrive\Documents\Purdue Classes\AAE 590ACA\AAE590ACA-Stochastic-SCP-Rocket-Landing\Deterministic 6DoF CVXPY\Deterministic 6DoF CVXPY\Deterministic_6DoF_fixed_FOH_QOCO\c\build\CMakeFiles\3.24.2\CompilerIdCXX\Debug\CompilerIdCXX.tlog\link.read.1.tlog. The system cannot find the path specified. [C:\Users\thatf\OneDrive\Documents\Purdue Classes\AAE 590ACA\AAE590ACA-Stochastic-SCP-Rocket-Landing\Deterministic 6DoF CVXPY\Deterministic 6DoF CVXPY\Deterministic_6DoF_fixed_FOH_QOCO\c\build\CMakeFiles\3.24.2\CompilerIdCXX\CompilerIdCXX.vcxproj]
  
  
  
FileTracker : error FTK1011: could not create the new file tracking log file: C:\Users\thatf\OneDrive\Documents\Purdue Classes\AAE 590ACA\AAE590ACA-Stochastic-SCP-Rocket-Landing\Deterministic 6DoF CVXPY\Deterministic 6DoF CVXPY\Deterministic_6DoF_fixed_FOH_QOCO\c\build\CMakeFiles\3.24.2\CompilerIdCXX\Debug\CompilerIdCXX.tlog\link.write.1.tlog. The system cannot find the path specified. [C:\Users\thatf\OneDrive\Documents\Purdue Classes\AAE 590ACA\AAE590ACA-Stochastic-SCP-Rocket-Landing\Deterministic 6DoF CVXPY\Deterministic 6DoF CVXPY\Deterministic_6DoF_fixed_FOH_QOCO\c\build\CMakeFiles\3.24.2\CompilerIdCXX\CompilerIdCXX.vcxproj]
  
  
  
Done Building Project "C:\Users\thatf\OneDrive\Documents\Purdue Classes\AAE 590ACA\AAE590ACA-Stochastic-SCP-Rocket-Landing\Deterministic 6DoF CVXPY\Deterministic 6DoF CVXPY\Deterministic_6DoF_fixed_FOH_QOCO\c\build\CMakeFiles\3.24.2\CompilerIdCXX\CompilerIdCXX.vcxproj" (default targets) -- FAILED.

Build FAILED.

"C:\Users\thatf\OneDrive\Documents\Purdue Classes\AAE 590ACA\AAE590ACA-Stochastic-SCP-Rocket-Landing\Deterministic 6DoF CVXPY\Deterministic 6DoF CVXPY\Deterministic_6DoF_fixed_FOH_QOCO\c\build\CMakeFiles\3.24.2\CompilerIdCXX\CompilerIdCXX.vcxproj" (default target) (1) ->
(Link target) -> 
  FileTracker : error FTK1011: could not create the new file tracking log file: C:\Users\thatf\OneDrive\Documents\Purdue Classes\AAE 590ACA\AAE590ACA-Stochastic-SCP-Rocket-Landing\Deterministic 6DoF CVXPY\Deterministic 6DoF CVXPY\Deterministic_6DoF_fixed_FOH_QOCO\c\build\CMakeFiles\3.24.2\CompilerIdCXX\Debug\CompilerIdCXX.tlog\link-rc.read.1.tlog. The system cannot find the path specified. [C:\Users\thatf\OneDrive\Documents\Purdue Classes\AAE 590ACA\AAE590ACA-Stochastic-SCP-Rocket-Landing\Deterministic 6DoF CVXPY\Deterministic 6DoF CVXPY\Deterministic_6DoF_fixed_FOH_QOCO\c\build\CMakeFiles\3.24.2\CompilerIdCXX\CompilerIdCXX.vcxproj]
  FileTracker : error FTK1011: could not create the new file tracking log file: C:\Users\thatf\OneDrive\Documents\Purdue Classes\AAE 590ACA\AAE590ACA-Stochastic-SCP-Rocket-Landing\Deterministic 6DoF CVXPY\Deterministic 6DoF CVXPY\Deterministic_6DoF_fixed_FOH_QOCO\c\build\CMakeFiles\3.24.2\CompilerIdCXX\Debug\CompilerIdCXX.tlog\link-rc.write.1.tlog. The system cannot find the path specified. [C:\Users\thatf\OneDrive\Documents\Purdue Classes\AAE 590ACA\AAE590ACA-Stochastic-SCP-Rocket-Landing\Deterministic 6DoF CVXPY\Deterministic 6DoF CVXPY\Deterministic_6DoF_fixed_FOH_QOCO\c\build\CMakeFiles\3.24.2\CompilerIdCXX\CompilerIdCXX.vcxproj]
  FileTracker : error FTK1011: could not create the new file tracking log file: C:\Users\thatf\OneDrive\Documents\Purdue Classes\AAE 590ACA\AAE590ACA-Stochastic-SCP-Rocket-Landing\Deterministic 6DoF CVXPY\Deterministic 6DoF CVXPY\Deterministic_6DoF_fixed_FOH_QOCO\c\build\CMakeFiles\3.24.2\CompilerIdCXX\Debug\CompilerIdCXX.tlog\link-cvtres.read.1.tlog. The system cannot find the path specified. [C:\Users\thatf\OneDrive\Documents\Purdue Classes\AAE 590ACA\AAE590ACA-Stochastic-SCP-Rocket-Landing\Deterministic 6DoF CVXPY\Deterministic 6DoF CVXPY\Deterministic_6DoF_fixed_FOH_QOCO\c\build\CMakeFiles\3.24.2\CompilerIdCXX\CompilerIdCXX.vcxproj]
  FileTracker : error FTK1011: could not create the new file tracking log file: C:\Users\thatf\OneDrive\Documents\Purdue Classes\AAE 590ACA\AAE590ACA-Stochastic-SCP-Rocket-Landing\Deterministic 6DoF CVXPY\Deterministic 6DoF CVXPY\Deterministic_6DoF_fixed_FOH_QOCO\c\build\CMakeFiles\3.24.2\CompilerIdCXX\Debug\CompilerIdCXX.tlog\link-cvtres.write.1.tlog. The system cannot find the path specified. [C:\Users\thatf\OneDrive\Documents\Purdue Classes\AAE 590ACA\AAE590ACA-Stochastic-SCP-Rocket-Landing\Deterministic 6DoF CVXPY\Deterministic 6DoF CVXPY\Deterministic_6DoF_fixed_FOH_QOCO\c\build\CMakeFiles\3.24.2\CompilerIdCXX\CompilerIdCXX.vcxproj]
  FileTracker : error FTK1011: could not create the new file tracking log file: C:\Users\thatf\OneDrive\Documents\Purdue Classes\AAE 590ACA\AAE590ACA-Stochastic-SCP-Rocket-Landing\Deterministic 6DoF CVXPY\Deterministic 6DoF CVXPY\Deterministic_6DoF_fixed_FOH_QOCO\c\build\CMakeFiles\3.24.2\CompilerIdCXX\Debug\CompilerIdCXX.tlog\link.read.1.tlog. The system cannot find the path specified. [C:\Users\thatf\OneDrive\Documents\Purdue Classes\AAE 590ACA\AAE590ACA-Stochastic-SCP-Rocket-Landing\Deterministic 6DoF CVXPY\Deterministic 6DoF CVXPY\Deterministic_6DoF_fixed_FOH_QOCO\c\build\CMakeFiles\3.24.2\CompilerIdCXX\CompilerIdCXX.vcxproj]
  FileTracker : error FTK1011: could not create the new file tracking log file: C:\Users\thatf\OneDrive\Documents\Purdue Classes\AAE 590ACA\AAE590ACA-Stochastic-SCP-Rocket-Landing\Deterministic 6DoF CVXPY\Deterministic 6DoF CVXPY\Deterministic_6DoF_fixed_FOH_QOCO\c\build\CMakeFiles\3.24.2\CompilerIdCXX\Debug\CompilerIdCXX.tlog\link.write.1.tlog. The system cannot find the path specified. [C:\Users\thatf\OneDrive\Documents\Purdue Classes\AAE 590ACA\AAE590ACA-Stochastic-SCP-Rocket-Landing\Deterministic 6DoF CVXPY\Deterministic 6DoF CVXPY\Deterministic_6DoF_fixed_FOH_QOCO\c\build\CMakeFiles\3.24.2\CompilerIdCXX\CompilerIdCXX.vcxproj]

    0 Warning(s)
    6 Error(s)

Time Elapsed 00:00:00.39


